[etiennefontanille.itch.io/lotus-knight.html]
[img.itch.zone/aW1nLzE2ODY4NjA4LmpwZw==/original/GzpbW1.jpg]
[img.itch.zone/aW1nLzE2ODY4NjA4LmpwZw==/32x32#/kLLbPV.jpg]
[backblue.gif]
[fade.gif]
[index.html]
[img.itch.zone/aW1nLzE2ODY4NjA4LmpwZw==/508x254#mb/TiFatx.jpg]
[static.itch.io/game5c2b.css]
[static.itch.io/lib.min5c2b.js]
[static.itch.io/bundle.min5c2b.js]
[static.itch.io/lib/jquery.maskMoney.js]
[static.itch.io/game.min5c2b.js]
[img.itch.zone/aW1nLzE2ODY4NjM5LmpwZw==/original/koIj7x.jpg]
[img.itch.zone/aW1nLzE2ODY4NjI2LmpwZw==/original/BNwUV8.jpg]
[i.kinja-img.com/image/upload/c_fill,h_264,pg_1,q_80,w_470/fae29634d33505a017af2ebe9b434c84.jpg]
[img.itch.zone/aW1hZ2UvMjgyMzU5MC8xNjg2ODYwMi5qcGc=/original/G9a2Bs.jpg]
[etiennefontanille.itch.io/index.html]
[img.itch.zone/aW1hZ2UvMjgyMzU5MC8xNjg2ODYwMi5qcGc=/347x500/2syRun.jpg]
[img.itch.zone/aW1hZ2UvMjgyMzU5MC8xNjg2ODYwMy5qcGc=/347x500/FRp10S.jpg]
[img.itch.zone/aW1hZ2UvMjgyMzU5MC8xNjg2ODYwNi5qcGc=/original/bINtJG.jpg]
[img.itch.zone/aW1hZ2UvMjgyMzU5MC8xNjg2ODYwNi5qcGc=/347x500/xmLHQQ.jpg]
[img.itch.zone/aW1hZ2UvMjgyMzU5MC8xNjg2ODYwNy5qcGc=/original/ha6Ax9.jpg]
[img.itch.zone/aW1hZ2UvMjgyMzU5MC8xNjg2ODYwNy5qcGc=/347x500/Tfzokc.jpg]
[img.itch.zone/aW1hZ2UvMjgyMzU5MC8xNjg2ODYwNS5qcGc=/original/eg8IY3.jpg]
[img.itch.zone/aW1hZ2UvMjgyMzU5MC8xNjg2ODYwNS5qcGc=/347x500/q1pc7z.jpg]
[etiennefontanille.itch.io/lotus-knight.html]
[etiennefontanille.itch.io/lotus-knight/embed.json]
[static.itch.io/fonts/lato-v14-latin-regular.woff2]
[static.itch.io/fonts/lato-v14-latin-regular.woff]
[static.itch.io/fonts/lato-v14-latin-italic.woff2]
[static.itch.io/fonts/lato-v14-latin-italic.woff]
[static.itch.io/fonts/lato-v14-latin-700.woff2]
[static.itch.io/fonts/lato-v14-latin-700.woff]
[static.itch.io/fonts/lato-v14-latin-900.woff2]
[static.itch.io/fonts/lato-v14-latin-900.woff]
[static.itch.io/fonts/Lato-Regular.woff2]
[static.itch.io/fonts/Lato-Regular.woff]
[static.itch.io/fonts/Lato-Italic.woff2]
[static.itch.io/fonts/Lato-Italic.woff]
[static.itch.io/fonts/Lato-Bold.woff2]
[static.itch.io/fonts/Lato-Bold.woff]
[static.itch.io/fonts/Lato-Black.woff2]
[static.itch.io/fonts/Lato-Black.woff]
[static.itch.io/images/loader.gif]
[static.itch.io/images/loader-dark.gif]
[static.itch.io/images/loader-huge.gif]
[static.itch.io/images/cc-loader.gif]
[static.itch.io/images/play_icon.svg]
[static.itch.io/images/youtube_icon.svg]
[static.itch.io/images/twitch_logo.svg]
[static.itch.io/images/loading.svg]
[static.itch.io/images/popup-tick-right.png]
[static.itch.io/images/popup-tick-left.png]
[static.itch.io/fonts/04b03.eot]
[static.itch.io/fonts/04b03d41d.eot]
[static.itch.io/fonts/04b03.woff2]
[static.itch.io/fonts/04b03.woff]
[static.itch.io/fonts/04b03.ttf]
[static.itch.io/lib/farbtastic/wheel.png]
[static.itch.io/lib/farbtastic/mask.png]
[static.itch.io/lib/farbtastic/marker.png]
[static.itch.io/images/snowrepeat.svg]
[static.itch.io/icons/fonts/icomoon053c.eot]
[static.itch.io/icons/fonts/icomoon053c.ttf]
[static.itch.io/icons/fonts/icomoon053c.woff]
[static.itch.io/game5c2b.css]
[static.itch.io/lib.min5c2b.js]
[static.itch.io/icons/fonts/icomoon053c.svg]
[etiennefontanille.itch.io/static/worker.min.js]
[www.google.com/recaptcha/apie757.js]
[connect.facebook.net/en_GB/sdk.js]
[platform.twitter.com/widgets.js]
[etiennefontanille.itch.io/ca.gif]
[etiennefontanille.itch.io/POST]
[static.itch.io/bundle.min5c2b.js]
[static.itch.io/lib/jquery.maskMoney.js]
[pagead2.googlesyndication.com/pagead/js/f.txt]
[static.itch.io/game.min5c2b.js]
[static.itch.io/user5c2b.css]
[static.itch.io/user.min5c2b.js]
[img.itch.zone/aW1nLzE2NzgxMjM2LmdpZg==/original/hIJp8d.gif]
[etiennefontanille.itch.io/fire-boy.html]
[etiennefontanille.itch.io/index.html]
[img.itch.zone/aW1hZ2UvMjgyMzU5MC8xNjg2ODYwMy5qcGc=/original/B+LGqf.html]
[etiennefontanille.itch.io/auxin.html]
[static.itch.io/images/play_icon.svg]
[static.itch.io/images/youtube_icon.svg]
[static.itch.io/images/twitch_logo.svg]
[static.itch.io/images/loading.svg]
[static.itch.io/home/leafo/snowrepeat.png]
[static.itch.io/images/snowrepeat.svg]
[static.itch.io/icons/fonts/icomoon053c.svg]
[etiennefontanille.itch.io/static/worker.min.js]
[connect.facebook.net/en_GB/sdk.js]
[etiennefontanille.itch.io/ca.html]
[etiennefontanille.itch.io/POST.html]
[static.itch.io/user5c2b.css]
[static.itch.io/user.min5c2b.js]
[img.itch.zone/aW1nLzE2ODE1MTgzLmpwZw==/32x32#/8fMdV0.jpg]
[etiennefontanille.itch.io/fire-boy/devlog.rss]
[img.itch.zone/aW1nLzE2ODE1MTg2LmpwZw==/original/87w68a.jpg]
[etiennefontanille.itch.io/fire-boy/devlog.html]
[img.itch.zone/aW1nLzE2ODE1MTgxLmpwZw==/original/bAiXe6.jpg]
[shared.akamai.steamstatic.com/store_item_assets/steam/apps/1539050/extras/JOGO3ba2.gif]
[shared.akamai.steamstatic.com/store_item_assets/steam/apps/1539050/extras/Bola_de_Fogo3ba2.gif]
[shared.akamai.steamstatic.com/store_item_assets/steam/apps/1539050/extras/Historia_US3ba2.gif]
[shared.akamai.steamstatic.com/store_item_assets/steam/apps/1539050/extras/Sonho_US3ba2.gif]
[shared.akamai.steamstatic.com/store_item_assets/steam/apps/1539050/extras/Descansando3ba2.gif]
[shared.akamai.steamstatic.com/store_item_assets/steam/apps/1539050/extras/Modo_Fire_Bola_de_Fogo_3ba2.gif]
[shared.akamai.steamstatic.com/store_item_assets/steam/apps/1539050/extras/Proposito_US3ba2.gif]
[shared.akamai.steamstatic.com/store_item_assets/steam/apps/1539050/extras/Cinematica3ba2.gif]
[etiennefontanille.itch.io/fire-boy/devlog/761624/tutorial.html]
[etiennefontanille.itch.io/fire-boy/devlog/761622/game-design.html]
[img.itch.zone/aW1hZ2UvMjgxNTIyMy8xNjgxNTExNy5qcGc=/original/xpWAiv.jpg]
[img.itch.zone/aW1hZ2UvMjgxNTIyMy8xNjgxNTExNy5qcGc=/347x500/pRTqWN.jpg]
[img.itch.zone/aW1hZ2UvMjgxNTIyMy8xNjgxNTExOS5qcGc=/original/oQIArg.jpg]
[img.itch.zone/aW1hZ2UvMjgxNTIyMy8xNjgxNTExOS5qcGc=/347x500/79TyHf.jpg]
[img.itch.zone/aW1hZ2UvMjgxNTIyMy8xNjgxNTExOC5qcGc=/original/GFHwtc.jpg]
[img.itch.zone/aW1hZ2UvMjgxNTIyMy8xNjgxNTExOC5qcGc=/347x500/OWeROn.jpg]
[img.itch.zone/aW1hZ2UvMjgxNTIyMy8xNjgxNTEyMS5qcGc=/original/r03fEm.jpg]
[img.itch.zone/aW1hZ2UvMjgxNTIyMy8xNjgxNTEyMS5qcGc=/347x500/leD4Hf.jpg]
[img.itch.zone/aW1hZ2UvMjgxNTIyMy8xNjgxNTEyMC5qcGc=/347x500/Lv6fUU.jpg]
[etiennefontanille.itch.io/fire-boy.html]
[img.itch.zone/aW1hZ2UvMjgxNTIyMy8xNjgxNTEyMi5qcGc=/347x500/vuddgP.jpg]
[img.itch.zone/aW1nLzE2NzgxMzE2LmpwZw==/original/3Mquyo.jpg]
[img.itch.zone/aW1nLzE2NzgxMzE2LmpwZw==/32x32#/Osae2s.jpg]
[etiennefontanille.itch.io/auxin/devlog.rss]
[img.itch.zone/aW1nLzE2NzgxMzE2LmpwZw==/508x254#mb/CouGd4.jpg]
[img.itch.zone/aW1nLzE2NzgxMTQ2LmpwZw==/original/gsw0tu.jpg]
[etiennefontanille.itch.io/auxin/devlog.html]
[img.itch.zone/aW1nLzE2NzgxMTM4LmpwZw==/original/ahyFsS.jpg]
[shared.akamai.steamstatic.com/store_item_assets/steam/apps/2601450/extras/niceduel720c.gif]
[shared.akamai.steamstatic.com/store_item_assets/steam/apps/2601450/extras/rebond_best720c.gif]
[etiennefontanille.itch.io/auxin/devlog/759288/game-design.html]
[img.itch.zone/aW1hZ2UvMjgwOTc2OC8xNjc4MDgxMC5qcGc=/347x500/La8aur.jpg]
[img.itch.zone/aW1hZ2UvMjgwOTc2OC8xNjc4MDgxMS5qcGc=/original/r9v7Ec.jpg]
[img.itch.zone/aW1hZ2UvMjgwOTc2OC8xNjc4MDgxMS5qcGc=/347x500/8dZDbW.jpg]
[img.itch.zone/aW1hZ2UvMjgwOTc2OC8xNjc4MDgxMy5qcGc=/original/hWOTFZ.jpg]
[img.itch.zone/aW1hZ2UvMjgwOTc2OC8xNjc4MDgxMy5qcGc=/347x500/jizAna.jpg]
[img.itch.zone/aW1hZ2UvMjgwOTc2OC8xNjc4MDgxMi5qcGc=/original/AKGlnU.jpg]
[img.itch.zone/aW1hZ2UvMjgwOTc2OC8xNjc4MDgxMi5qcGc=/347x500/j3hbrz.jpg]
[img.itch.zone/aW1hZ2UvMjgwOTc2OC8xNjc4MDgwOS5qcGc=/347x500/W7OLhT.jpg]
[etiennefontanille.itch.io/auxin.html]
[static.itch.io/home/leafo/snowrepeat.html]
[etiennefontanille.itch.io/auxin/embed.json]
[img.itch.zone/aW1nLzE2ODE1MTgzLmpwZw==/original/aOl2At.jpg]
[img.itch.zone/aW1nLzE2ODE1MTgzLmpwZw==/508x254#mb/nyNRXf.jpg]
[img.itch.zone/aW1nLzE2ODQxNDQ4LmpwZw==/200x112#cm/iGzTNs.png]
[etiennefontanille.itch.io/fire-boy/devlog.html]
[etiennefontanille.itch.io/fire-boy/embed.json]
[etiennefontanille.itch.io/fire-boy/devlog/761624/tutorial.html]
[img.itch.zone/aW1hZ2UvMjgxNTIyMy8xNjgxNTExNy5qcGc=/x200/7lqFcw.jpg]
[img.itch.zone/aW1hZ2UvMjgxNTIyMy8xNjgxNTExOS5qcGc=/x200/LD6tDe.jpg]
[img.itch.zone/aW1hZ2UvMjgxNTIyMy8xNjgxNTEyMS5qcGc=/x200/xj5nCF.jpg]
[img.itch.zone/aW1hZ2UvMjgxNTIyMy8xNjgxNTEyMC5qcGc=/x200/cBf0iK.jpg]
[img.itch.zone/aW1hZ2UvMjgxNTIyMy8xNjgxNTEyMi5qcGc=/x200/iI0AA3.jpg]
[etiennefontanille.itch.io/fire-boy/devlog/761622/game-design.html]
[img.itch.zone/aW1hZ2UvMjgxNTIyMy8xNjgxNTEyMC5qcGc=/original/Ds+VGW.html]
[img.itch.zone/aW1hZ2UvMjgxNTIyMy8xNjgxNTEyMi5qcGc=/original/UY+qzK.html]
[img.itch.zone/aW1nLzE2Nzg2ODExLmpwZw==/200x112#cm/ZT3Xs3.png]
[etiennefontanille.itch.io/auxin/devlog.html]
[img.itch.zone/aW1hZ2UvMjgwOTc2OC8xNjc4MDgxMS5qcGc=/x200/LlQY5F.jpg]
[img.itch.zone/aW1hZ2UvMjgwOTc2OC8xNjc4MDgxMy5qcGc=/x200/Ze0SqG.jpg]
[img.itch.zone/aW1hZ2UvMjgwOTc2OC8xNjc4MDgxMi5qcGc=/x200/gwhL7z.jpg]
[img.itch.zone/aW1hZ2UvMjgwOTc2OC8xNjc4MDgwOS5qcGc=/x200/D9eL67.jpg]
[etiennefontanille.itch.io/auxin/devlog/759288/game-design.html]
[img.itch.zone/aW1hZ2UvMjgwOTc2OC8xNjc4MDgxMC5qcGc=/original/hx+4e1.html]
[img.itch.zone/aW1hZ2UvMjgwOTc2OC8xNjc4MDgwOS5qcGc=/original/3yAZ+d.html]
[img.itch.zone/aW1hZ2UvMjgxNTIyMy8xNjgxNTExNy5qcGc=/200x112#cm/ne+OfN.html]
[img.itch.zone/aW1hZ2UvMjgxNTIyMy8xNjgxNTExOC5qcGc=/x200/0wVs+q.html]
[img.itch.zone/aW1hZ2UvMjgwOTc2OC8xNjc4MDgxMC5qcGc=/x200/Z1xd+8.html]
